// Jest Snapshot v1, https://goo.gl/fbAQLP

exports[`First List UI renders as expected renders the List UI as expected 1`] = `
<div
  className="listContainer"
>
  <div
    className="listItem"
  >
    <h2>
      First list
    </h2>
    <div>
      <div>
        <div
          className="cardContainer"
        >
          <div
            className="cardContentItem cardContentFirstItems"
          >
            <div
              className="cardContentFirstItemsPeta"
            >
              <h3
                className="cardHeader"
              >
                First card
              </h3>
            </div>
            <div
              className="cardContentFirstItemsPeta"
            >
              <button
                className="cardButton"
              >
                delete
              </button>
            </div>
          </div>
          <div
            className="cardContentItem"
          >
            <div
              className="cardContentSecondItem"
            >
              <p
                className="cardContent"
              >
                lorem ipsum
              </p>
            </div>
          </div>
        </div>
      </div>
      <div>
        <div
          className="cardContainer"
        >
          <div
            className="cardContentItem cardContentFirstItems"
          >
            <div
              className="cardContentFirstItemsPeta"
            >
              <h3
                className="cardHeader"
              >
                Second card
              </h3>
            </div>
            <div
              className="cardContentFirstItemsPeta"
            >
              <button
                className="cardButton"
              >
                delete
              </button>
            </div>
          </div>
          <div
            className="cardContentItem"
          >
            <div
              className="cardContentSecondItem"
            >
              <p
                className="cardContent"
              >
                lorem ipsum
              </p>
            </div>
          </div>
        </div>
      </div>
      <div>
        <div
          className="cardContainer"
        >
          <div
            className="cardContentItem cardContentFirstItems"
          >
            <div
              className="cardContentFirstItemsPeta"
            >
              <h3
                className="cardHeader"
              >
                Fifth card
              </h3>
            </div>
            <div
              className="cardContentFirstItemsPeta"
            >
              <button
                className="cardButton"
              >
                delete
              </button>
            </div>
          </div>
          <div
            className="cardContentItem"
          >
            <div
              className="cardContentSecondItem"
            >
              <p
                className="cardContent"
              >
                lorem ipsum
              </p>
            </div>
          </div>
        </div>
      </div>
      <div>
        <div
          className="cardContainer"
        >
          <div
            className="cardContentItem cardContentFirstItems"
          >
            <div
              className="cardContentFirstItemsPeta"
            >
              <h3
                className="cardHeader"
              >
                Sixth card
              </h3>
            </div>
            <div
              className="cardContentFirstItemsPeta"
            >
              <button
                className="cardButton"
              >
                delete
              </button>
            </div>
          </div>
          <div
            className="cardContentItem"
          >
            <div
              className="cardContentSecondItem"
            >
              <p
                className="cardContent"
              >
                lorem ipsum
              </p>
            </div>
          </div>
        </div>
      </div>
      <div>
        <div
          className="cardContainer"
        >
          <div
            className="cardContentItem cardContentFirstItems"
          >
            <div
              className="cardContentFirstItemsPeta"
            >
              <h3
                className="cardHeader"
              >
                Seventh card
              </h3>
            </div>
            <div
              className="cardContentFirstItemsPeta"
            >
              <button
                className="cardButton"
              >
                delete
              </button>
            </div>
          </div>
          <div
            className="cardContentItem"
          >
            <div
              className="cardContentSecondItem"
            >
              <p
                className="cardContent"
              >
                lorem ipsum
              </p>
            </div>
          </div>
        </div>
      </div>
      <div>
        <div
          className="cardContainer"
        >
          <div
            className="cardContentItem cardContentFirstItems"
          >
            <div
              className="cardContentFirstItemsPeta"
            >
              <h3
                className="cardHeader"
              >
                Tenth card
              </h3>
            </div>
            <div
              className="cardContentFirstItemsPeta"
            >
              <button
                className="cardButton"
              >
                delete
              </button>
            </div>
          </div>
          <div
            className="cardContentItem"
          >
            <div
              className="cardContentSecondItem"
            >
              <p
                className="cardContent"
              >
                lorem ipsum
              </p>
            </div>
          </div>
        </div>
      </div>
      <div>
        <div
          className="cardContainer"
        >
          <div
            className="cardContentItem cardContentFirstItems"
          >
            <div
              className="cardContentFirstItemsPeta"
            >
              <h3
                className="cardHeader"
              >
                Twelfth card
              </h3>
            </div>
            <div
              className="cardContentFirstItemsPeta"
            >
              <button
                className="cardButton"
              >
                delete
              </button>
            </div>
          </div>
          <div
            className="cardContentItem"
          >
            <div
              className="cardContentSecondItem"
            >
              <p
                className="cardContent"
              >
                lorem ipsum
              </p>
            </div>
          </div>
        </div>
      </div>
      <div>
        <div
          className="cardContainer"
        >
          <div
            className="cardContentItem cardContentFirstItems"
          >
            <div
              className="cardContentFirstItemsPeta"
            >
              <h3
                className="cardHeader"
              >
                Thirteenth card
              </h3>
            </div>
            <div
              className="cardContentFirstItemsPeta"
            >
              <button
                className="cardButton"
              >
                delete
              </button>
            </div>
          </div>
          <div
            className="cardContentItem"
          >
            <div
              className="cardContentSecondItem"
            >
              <p
                className="cardContent"
              >
                lorem ipsum
              </p>
            </div>
          </div>
        </div>
      </div>
    </div>
  </div>
  <div>
    <button>
      + Add Random Card
    </button>
  </div>
</div>
`;

exports[`Fourth List UI renders as expected renders the List UI as expected 1`] = `
<div
  className="listContainer"
>
  <div
    className="listItem"
  >
    <h2>
      Fourth list
    </h2>
    <div>
      <div>
        <div
          className="cardContainer"
        >
          <div
            className="cardContentItem cardContentFirstItems"
          >
            <div
              className="cardContentFirstItemsPeta"
            >
              <h3
                className="cardHeader"
              >
                Twelfth card
              </h3>
            </div>
            <div
              className="cardContentFirstItemsPeta"
            >
              <button
                className="cardButton"
              >
                delete
              </button>
            </div>
          </div>
          <div
            className="cardContentItem"
          >
            <div
              className="cardContentSecondItem"
            >
              <p
                className="cardContent"
              >
                lorem ipsum
              </p>
            </div>
          </div>
        </div>
      </div>
      <div>
        <div
          className="cardContainer"
        >
          <div
            className="cardContentItem cardContentFirstItems"
          >
            <div
              className="cardContentFirstItemsPeta"
            >
              <h3
                className="cardHeader"
              >
                Thirteenth card
              </h3>
            </div>
            <div
              className="cardContentFirstItemsPeta"
            >
              <button
                className="cardButton"
              >
                delete
              </button>
            </div>
          </div>
          <div
            className="cardContentItem"
          >
            <div
              className="cardContentSecondItem"
            >
              <p
                className="cardContent"
              >
                lorem ipsum
              </p>
            </div>
          </div>
        </div>
      </div>
    </div>
  </div>
  <div>
    <button>
      + Add Random Card
    </button>
  </div>
</div>
`;

exports[`Second List UI renders as expected renders the List UI as expected 1`] = `
<div
  className="listContainer"
>
  <div
    className="listItem"
  >
    <h2>
      Second list
    </h2>
    <div>
      <div>
        <div
          className="cardContainer"
        >
          <div
            className="cardContentItem cardContentFirstItems"
          >
            <div
              className="cardContentFirstItemsPeta"
            >
              <h3
                className="cardHeader"
              >
                Second card
              </h3>
            </div>
            <div
              className="cardContentFirstItemsPeta"
            >
              <button
                className="cardButton"
              >
                delete
              </button>
            </div>
          </div>
          <div
            className="cardContentItem"
          >
            <div
              className="cardContentSecondItem"
            >
              <p
                className="cardContent"
              >
                lorem ipsum
              </p>
            </div>
          </div>
        </div>
      </div>
      <div>
        <div
          className="cardContainer"
        >
          <div
            className="cardContentItem cardContentFirstItems"
          >
            <div
              className="cardContentFirstItemsPeta"
            >
              <h3
                className="cardHeader"
              >
                Third card
              </h3>
            </div>
            <div
              className="cardContentFirstItemsPeta"
            >
              <button
                className="cardButton"
              >
                delete
              </button>
            </div>
          </div>
          <div
            className="cardContentItem"
          >
            <div
              className="cardContentSecondItem"
            >
              <p
                className="cardContent"
              >
                lorem ipsum
              </p>
            </div>
          </div>
        </div>
      </div>
      <div>
        <div
          className="cardContainer"
        >
          <div
            className="cardContentItem cardContentFirstItems"
          >
            <div
              className="cardContentFirstItemsPeta"
            >
              <h3
                className="cardHeader"
              >
                Fourth card
              </h3>
            </div>
            <div
              className="cardContentFirstItemsPeta"
            >
              <button
                className="cardButton"
              >
                delete
              </button>
            </div>
          </div>
          <div
            className="cardContentItem"
          >
            <div
              className="cardContentSecondItem"
            >
              <p
                className="cardContent"
              >
                lorem ipsum
              </p>
            </div>
          </div>
        </div>
      </div>
      <div>
        <div
          className="cardContainer"
        >
          <div
            className="cardContentItem cardContentFirstItems"
          >
            <div
              className="cardContentFirstItemsPeta"
            >
              <h3
                className="cardHeader"
              >
                Sixth card
              </h3>
            </div>
            <div
              className="cardContentFirstItemsPeta"
            >
              <button
                className="cardButton"
              >
                delete
              </button>
            </div>
          </div>
          <div
            className="cardContentItem"
          >
            <div
              className="cardContentSecondItem"
            >
              <p
                className="cardContent"
              >
                lorem ipsum
              </p>
            </div>
          </div>
        </div>
      </div>
      <div>
        <div
          className="cardContainer"
        >
          <div
            className="cardContentItem cardContentFirstItems"
          >
            <div
              className="cardContentFirstItemsPeta"
            >
              <h3
                className="cardHeader"
              >
                Eighth card
              </h3>
            </div>
            <div
              className="cardContentFirstItemsPeta"
            >
              <button
                className="cardButton"
              >
                delete
              </button>
            </div>
          </div>
          <div
            className="cardContentItem"
          >
            <div
              className="cardContentSecondItem"
            >
              <p
                className="cardContent"
              >
                lorem ipsum
              </p>
            </div>
          </div>
        </div>
      </div>
      <div>
        <div
          className="cardContainer"
        >
          <div
            className="cardContentItem cardContentFirstItems"
          >
            <div
              className="cardContentFirstItemsPeta"
            >
              <h3
                className="cardHeader"
              >
                Ninth card
              </h3>
            </div>
            <div
              className="cardContentFirstItemsPeta"
            >
              <button
                className="cardButton"
              >
                delete
              </button>
            </div>
          </div>
          <div
            className="cardContentItem"
          >
            <div
              className="cardContentSecondItem"
            >
              <p
                className="cardContent"
              >
                lorem ipsum
              </p>
            </div>
          </div>
        </div>
      </div>
      <div>
        <div
          className="cardContainer"
        >
          <div
            className="cardContentItem cardContentFirstItems"
          >
            <div
              className="cardContentFirstItemsPeta"
            >
              <h3
                className="cardHeader"
              >
                Eleventh card
              </h3>
            </div>
            <div
              className="cardContentFirstItemsPeta"
            >
              <button
                className="cardButton"
              >
                delete
              </button>
            </div>
          </div>
          <div
            className="cardContentItem"
          >
            <div
              className="cardContentSecondItem"
            >
              <p
                className="cardContent"
              >
                lorem ipsum
              </p>
            </div>
          </div>
        </div>
      </div>
    </div>
  </div>
  <div>
    <button>
      + Add Random Card
    </button>
  </div>
</div>
`;

exports[`Third List UI renders as expected renders the List UI as expected 1`] = `
<div
  className="listContainer"
>
  <div
    className="listItem"
  >
    <h2>
      Third list
    </h2>
    <div>
      <div>
        <div
          className="cardContainer"
        >
          <div
            className="cardContentItem cardContentFirstItems"
          >
            <div
              className="cardContentFirstItemsPeta"
            >
              <h3
                className="cardHeader"
              >
                First card
              </h3>
            </div>
            <div
              className="cardContentFirstItemsPeta"
            >
              <button
                className="cardButton"
              >
                delete
              </button>
            </div>
          </div>
          <div
            className="cardContentItem"
          >
            <div
              className="cardContentSecondItem"
            >
              <p
                className="cardContent"
              >
                lorem ipsum
              </p>
            </div>
          </div>
        </div>
      </div>
      <div>
        <div
          className="cardContainer"
        >
          <div
            className="cardContentItem cardContentFirstItems"
          >
            <div
              className="cardContentFirstItemsPeta"
            >
              <h3
                className="cardHeader"
              >
                Second card
              </h3>
            </div>
            <div
              className="cardContentFirstItemsPeta"
            >
              <button
                className="cardButton"
              >
                delete
              </button>
            </div>
          </div>
          <div
            className="cardContentItem"
          >
            <div
              className="cardContentSecondItem"
            >
              <p
                className="cardContent"
              >
                lorem ipsum
              </p>
            </div>
          </div>
        </div>
      </div>
      <div>
        <div
          className="cardContainer"
        >
          <div
            className="cardContentItem cardContentFirstItems"
          >
            <div
              className="cardContentFirstItemsPeta"
            >
              <h3
                className="cardHeader"
              >
                Third card
              </h3>
            </div>
            <div
              className="cardContentFirstItemsPeta"
            >
              <button
                className="cardButton"
              >
                delete
              </button>
            </div>
          </div>
          <div
            className="cardContentItem"
          >
            <div
              className="cardContentSecondItem"
            >
              <p
                className="cardContent"
              >
                lorem ipsum
              </p>
            </div>
          </div>
        </div>
      </div>
      <div>
        <div
          className="cardContainer"
        >
          <div
            className="cardContentItem cardContentFirstItems"
          >
            <div
              className="cardContentFirstItemsPeta"
            >
              <h3
                className="cardHeader"
              >
                Fourth card
              </h3>
            </div>
            <div
              className="cardContentFirstItemsPeta"
            >
              <button
                className="cardButton"
              >
                delete
              </button>
            </div>
          </div>
          <div
            className="cardContentItem"
          >
            <div
              className="cardContentSecondItem"
            >
              <p
                className="cardContent"
              >
                lorem ipsum
              </p>
            </div>
          </div>
        </div>
      </div>
      <div>
        <div
          className="cardContainer"
        >
          <div
            className="cardContentItem cardContentFirstItems"
          >
            <div
              className="cardContentFirstItemsPeta"
            >
              <h3
                className="cardHeader"
              >
                Fifth card
              </h3>
            </div>
            <div
              className="cardContentFirstItemsPeta"
            >
              <button
                className="cardButton"
              >
                delete
              </button>
            </div>
          </div>
          <div
            className="cardContentItem"
          >
            <div
              className="cardContentSecondItem"
            >
              <p
                className="cardContent"
              >
                lorem ipsum
              </p>
            </div>
          </div>
        </div>
      </div>
      <div>
        <div
          className="cardContainer"
        >
          <div
            className="cardContentItem cardContentFirstItems"
          >
            <div
              className="cardContentFirstItemsPeta"
            >
              <h3
                className="cardHeader"
              >
                Sixth card
              </h3>
            </div>
            <div
              className="cardContentFirstItemsPeta"
            >
              <button
                className="cardButton"
              >
                delete
              </button>
            </div>
          </div>
          <div
            className="cardContentItem"
          >
            <div
              className="cardContentSecondItem"
            >
              <p
                className="cardContent"
              >
                lorem ipsum
              </p>
            </div>
          </div>
        </div>
      </div>
      <div>
        <div
          className="cardContainer"
        >
          <div
            className="cardContentItem cardContentFirstItems"
          >
            <div
              className="cardContentFirstItemsPeta"
            >
              <h3
                className="cardHeader"
              >
                Seventh card
              </h3>
            </div>
            <div
              className="cardContentFirstItemsPeta"
            >
              <button
                className="cardButton"
              >
                delete
              </button>
            </div>
          </div>
          <div
            className="cardContentItem"
          >
            <div
              className="cardContentSecondItem"
            >
              <p
                className="cardContent"
              >
                lorem ipsum
              </p>
            </div>
          </div>
        </div>
      </div>
      <div>
        <div
          className="cardContainer"
        >
          <div
            className="cardContentItem cardContentFirstItems"
          >
            <div
              className="cardContentFirstItemsPeta"
            >
              <h3
                className="cardHeader"
              >
                Eighth card
              </h3>
            </div>
            <div
              className="cardContentFirstItemsPeta"
            >
              <button
                className="cardButton"
              >
                delete
              </button>
            </div>
          </div>
          <div
            className="cardContentItem"
          >
            <div
              className="cardContentSecondItem"
            >
              <p
                className="cardContent"
              >
                lorem ipsum
              </p>
            </div>
          </div>
        </div>
      </div>
      <div>
        <div
          className="cardContainer"
        >
          <div
            className="cardContentItem cardContentFirstItems"
          >
            <div
              className="cardContentFirstItemsPeta"
            >
              <h3
                className="cardHeader"
              >
                Ninth card
              </h3>
            </div>
            <div
              className="cardContentFirstItemsPeta"
            >
              <button
                className="cardButton"
              >
                delete
              </button>
            </div>
          </div>
          <div
            className="cardContentItem"
          >
            <div
              className="cardContentSecondItem"
            >
              <p
                className="cardContent"
              >
                lorem ipsum
              </p>
            </div>
          </div>
        </div>
      </div>
      <div>
        <div
          className="cardContainer"
        >
          <div
            className="cardContentItem cardContentFirstItems"
          >
            <div
              className="cardContentFirstItemsPeta"
            >
              <h3
                className="cardHeader"
              >
                Tenth card
              </h3>
            </div>
            <div
              className="cardContentFirstItemsPeta"
            >
              <button
                className="cardButton"
              >
                delete
              </button>
            </div>
          </div>
          <div
            className="cardContentItem"
          >
            <div
              className="cardContentSecondItem"
            >
              <p
                className="cardContent"
              >
                lorem ipsum
              </p>
            </div>
          </div>
        </div>
      </div>
      <div>
        <div
          className="cardContainer"
        >
          <div
            className="cardContentItem cardContentFirstItems"
          >
            <div
              className="cardContentFirstItemsPeta"
            >
              <h3
                className="cardHeader"
              >
                Eleventh card
              </h3>
            </div>
            <div
              className="cardContentFirstItemsPeta"
            >
              <button
                className="cardButton"
              >
                delete
              </button>
            </div>
          </div>
          <div
            className="cardContentItem"
          >
            <div
              className="cardContentSecondItem"
            >
              <p
                className="cardContent"
              >
                lorem ipsum
              </p>
            </div>
          </div>
        </div>
      </div>
      <div>
        <div
          className="cardContainer"
        >
          <div
            className="cardContentItem cardContentFirstItems"
          >
            <div
              className="cardContentFirstItemsPeta"
            >
              <h3
                className="cardHeader"
              >
                Twelfth card
              </h3>
            </div>
            <div
              className="cardContentFirstItemsPeta"
            >
              <button
                className="cardButton"
              >
                delete
              </button>
            </div>
          </div>
          <div
            className="cardContentItem"
          >
            <div
              className="cardContentSecondItem"
            >
              <p
                className="cardContent"
              >
                lorem ipsum
              </p>
            </div>
          </div>
        </div>
      </div>
      <div>
        <div
          className="cardContainer"
        >
          <div
            className="cardContentItem cardContentFirstItems"
          >
            <div
              className="cardContentFirstItemsPeta"
            >
              <h3
                className="cardHeader"
              >
                Thirteenth card
              </h3>
            </div>
            <div
              className="cardContentFirstItemsPeta"
            >
              <button
                className="cardButton"
              >
                delete
              </button>
            </div>
          </div>
          <div
            className="cardContentItem"
          >
            <div
              className="cardContentSecondItem"
            >
              <p
                className="cardContent"
              >
                lorem ipsum
              </p>
            </div>
          </div>
        </div>
      </div>
    </div>
  </div>
  <div>
    <button>
      + Add Random Card
    </button>
  </div>
</div>
`;
